<html>
<body>
<pre>
<h1>µVision Build Log</h1>
<h2>Tool Versions:</h2>
IDE-Version: µVision V5.38.0.0
Copyright (C) 2022 ARM Ltd and ARM Germany GmbH. All rights reserved.
License Information: Kunal Sawant, SJSU, LIC=----
 
Tool Versions:
Toolchain:       MDK-Lite  Version: 5.38.0.0
Toolchain Path:  C:\Keil_v5\ARM\ARMCLANG\Bin
C Compiler:      ArmClang.exe V6.19
Assembler:       Armasm.exe V6.19
Linker/Locator:  ArmLink.exe V6.19
Library Manager: ArmAr.exe V6.19
Hex Converter:   FromElf.exe V6.19
CPU DLL:         SARMCM3.DLL V5.38.0.0
Dialog DLL:      DARMCM1.DLL V1.19.6.0
Target DLL:      UL2CM3.DLL V1.164.8.0
Dialog DLL:      TARMCM1.DLL V1.14.6.0
 
<h2>Project:</h2>
D:\Kunal-tictactoe\Tic_Tac_Toe\Keil\keilproj.uvprojx
Project File Date:  05/08/2023

<h2>Output:</h2>
*** Using Compiler 'V6.19', folder: 'C:\Keil_v5\ARM\ARMCLANG\Bin'
Build target 'Target 1'
../Files/Software/Application/main.c(7): warning: In file included from...
../Files/Software/core\core_cm0.h(117): warning: "Compiler generates FPU instructions for a device without an FPU (check __FPU_PRESENT)" [-W#warnings]
    #warning "Compiler generates FPU instructions for a device without an FPU (check __FPU_PRESENT)"
     ^
../Files/Software/Application/main.c(139): warning: passing arguments to 'draw' without a prototype is deprecated in all versions of C and is not supported in C2x [-Wdeprecated-non-prototype]
                        draw('X',loop);
                            ^
../Files/Software/Application/main.c(143): warning: passing arguments to 'draw' without a prototype is deprecated in all versions of C and is not supported in C2x [-Wdeprecated-non-prototype]
                        draw('O',loop);
                            ^
../Files/Software/Application/main.c(172): warning: non-void function does not return a value [-Wreturn-type]
}
^
../Files/Software/Application/main.c(9): warning: In file included from...
../Files/Software/device\edk_api.h(91): warning: a function declaration without a prototype is deprecated in all versions of C and is treated as a zero-parameter prototype in C2x, conflicting with a subsequent definition [-Wdeprecated-non-prototype]
int draw();                                                                                                                                                                             // Function to decode the square to draw in
    ^
../Files/Software/Application/main.c(221): note: conflicting prototype is here
int draw(int X_O, int box_num)
    ^
../Files/Software/Application/main.c(233): warning: non-void function does not return a value [-Wreturn-type]
}
^
../Files/Software/Application/main.c(267): warning: non-void function does not return a value [-Wreturn-type]
}
^
../Files/Software/Application/main.c(298): warning: non-void function does not return a value [-Wreturn-type]
        }
        ^
../Files/Software/Application/main.c(331): warning: non-void function does not return a value [-Wreturn-type]
}
^
../Files/Software/Application/main.c(387): warning: non-void function does not return a value [-Wreturn-type]
}
^
10 warnings generated.
compiling main.c...
linking...
Program Size: Code=4346 RO-data=346 RW-data=12 ZI-data=2256  
After Build - User command #1: fromelf -cvf .\Objects\code.axf --vhx --32x1 -o code.hex
After Build - User command #2: fromelf -cvf .\Objects\code.axf -o disasm.txt
".\Objects\code.axf" - 0 Error(s), 10 Warning(s).

<h2>Software Packages used:</h2>

Package Vendor: ARM
                http://www.keil.com/pack/ARM.CMSIS.5.9.0.pack
                ARM.CMSIS.5.9.0
                CMSIS (Common Microcontroller Software Interface Standard)
   * Component: CORE Version: 5.6.0

<h2>Collection of Component include folders:</h2>
  ./RTE/_Target_1
  C:/Users/Checkout/AppData/Local/Arm/Packs/ARM/CMSIS/5.9.0/CMSIS/Core/Include
  C:/Users/Checkout/AppData/Local/Arm/Packs/ARM/CMSIS/5.9.0/Device/ARM/ARMCM0/Include

<h2>Collection of Component Files used:</h2>

   * Component: ARM::CMSIS:CORE:5.6.0
Build Time Elapsed:  00:00:01
</pre>
</body>
</html>
