#-----------------------------------------------------------
# Vivado v2022.2 (64-bit)
# SW Build 3671981 on Fri Oct 14 05:00:03 MDT 2022
# IP Build 3669848 on Fri Oct 14 08:30:02 MDT 2022
# Start of session at: Mon May 15 19:07:13 2023
# Process ID: 14796
# Current directory: C:/Kunal Sawant/EE277A/Two-Player-Tic-Tac-Toe/Tic_Tac_Toe/Vivado/VivadoProject
# Command line: vivado.exe -gui_launcher_event rodinguilauncherevent16812 C:\Kunal Sawant\EE277A\Two-Player-Tic-Tac-Toe\Tic_Tac_Toe\Vivado\VivadoProject\VivadoProject.xpr
# Log file: C:/Kunal Sawant/EE277A/Two-Player-Tic-Tac-Toe/Tic_Tac_Toe/Vivado/VivadoProject/vivado.log
# Journal file: C:/Kunal Sawant/EE277A/Two-Player-Tic-Tac-Toe/Tic_Tac_Toe/Vivado/VivadoProject\vivado.jou
# Running On: 035Latitude3420, OS: Windows, CPU Frequency: 1382 MHz, CPU Physical cores: 4, Host memory: 8311 MB
#-----------------------------------------------------------
start_gui
open_project {C:/Kunal Sawant/EE277A/Two-Player-Tic-Tac-Toe/Tic_Tac_Toe/Vivado/VivadoProject/VivadoProject.xpr}
update_compile_order -fileset sources_1
launch_runs impl_1 -jobs 4
wait_on_run impl_1
reset_run synth_1
launch_runs synth_1 -jobs 4
wait_on_run synth_1
launch_runs impl_1 -jobs 4
wait_on_run impl_1
launch_runs impl_1 -to_step write_bitstream -jobs 4
wait_on_run impl_1
open_hw_manager
connect_hw_server -allow_non_jtag
open_hw_target
set_property PROGRAM.FILE {C:/Kunal Sawant/EE277A/Two-Player-Tic-Tac-Toe/Tic_Tac_Toe/Vivado/VivadoProject/VivadoProject.runs/impl_1/AHBLITE_SYS.bit} [get_hw_devices xc7a100t_0]
current_hw_device [get_hw_devices xc7a100t_0]
refresh_hw_device -update_hw_probes false [lindex [get_hw_devices xc7a100t_0] 0]
set_property PROBES.FILE {} [get_hw_devices xc7a100t_0]
set_property FULL_PROBES.FILE {} [get_hw_devices xc7a100t_0]
set_property PROGRAM.FILE {C:/Kunal Sawant/EE277A/Two-Player-Tic-Tac-Toe/Tic_Tac_Toe/Vivado/VivadoProject/VivadoProject.runs/impl_1/AHBLITE_SYS.bit} [get_hw_devices xc7a100t_0]
program_hw_devices [get_hw_devices xc7a100t_0]
refresh_hw_device [lindex [get_hw_devices xc7a100t_0] 0]
refresh_hw_device [lindex [get_hw_devices xc7a100t_0] 0]
set_property PROBES.FILE {} [get_hw_devices xc7a100t_0]
set_property FULL_PROBES.FILE {} [get_hw_devices xc7a100t_0]
set_property PROGRAM.FILE {C:/Kunal Sawant/EE277A/Two-Player-Tic-Tac-Toe/Tic_Tac_Toe/Vivado/VivadoProject/VivadoProject.runs/impl_1/AHBLITE_SYS.bit} [get_hw_devices xc7a100t_0]
program_hw_devices [get_hw_devices xc7a100t_0]
refresh_hw_device [lindex [get_hw_devices xc7a100t_0] 0]
set_property PROBES.FILE {} [get_hw_devices xc7a100t_0]
set_property FULL_PROBES.FILE {} [get_hw_devices xc7a100t_0]
set_property PROGRAM.FILE {C:/Kunal Sawant/EE277A/Two-Player-Tic-Tac-Toe/Tic_Tac_Toe/Vivado/VivadoProject/VivadoProject.runs/impl_1/AHBLITE_SYS.bit} [get_hw_devices xc7a100t_0]
program_hw_devices [get_hw_devices xc7a100t_0]
refresh_hw_device [lindex [get_hw_devices xc7a100t_0] 0]
set_property PROBES.FILE {} [get_hw_devices xc7a100t_0]
set_property FULL_PROBES.FILE {} [get_hw_devices xc7a100t_0]
set_property PROGRAM.FILE {C:/Kunal Sawant/EE277A/Two-Player-Tic-Tac-Toe/Tic_Tac_Toe/Vivado/VivadoProject/VivadoProject.runs/impl_1/AHBLITE_SYS.bit} [get_hw_devices xc7a100t_0]
program_hw_devices [get_hw_devices xc7a100t_0]
refresh_hw_device [lindex [get_hw_devices xc7a100t_0] 0]
