Component: Arm Compiler for Embedded 6.19 Tool: armlink [5e73cb00]

==============================================================================

Section Cross References

    main.o(.text) refers (Special) to _printf_percent.o(.ARM.Collect$$_printf_percent$$00000000) for _printf_percent
    main.o(.text) refers (Special) to _printf_c.o(.ARM.Collect$$_printf_percent$$00000013) for _printf_c
    main.o(.text) refers (Special) to _printf_d.o(.ARM.Collect$$_printf_percent$$00000009) for _printf_d
    main.o(.text) refers (Special) to _printf_dec.o(.text) for _printf_int_dec
    main.o(.text) refers (Special) to _printf_str.o(.text) for _printf_str
    main.o(.text) refers to noretval__2printf.o(.text) for __2printf
    main.o(.text) refers to rt_memcpy.o(.text) for __aeabi_memcpy
    main.o(.text) refers to edk_api.o(.text) for clear_screen
    main.o(.text) refers to putchar.o(.text) for putchar
    main.o(.text) refers to retarget.o(.text) for KBHIT
    main.o(.text) refers to main.o(.rodata.str1.1) for [Anonymous Symbol]
    main.o(.text) refers to main.o(.bss.status) for [Anonymous Symbol]
    main.o(.text) refers to main.o(.data.square) for [Anonymous Symbol]
    main.o(.text) refers to main.o(.rodata.square_default) for [Anonymous Symbol]
    main.o(.text) refers to puts.o(.text) for puts
    main.o(.text) refers to aeabi_sdivfast.o(.text_divfast) for __aeabi_idiv
    main.o(.text) refers to edk_driver.o(.text) for seven_seg_write
    main.o(.text) refers to main.o(.bss.player_1_score) for [Anonymous Symbol]
    main.o(.text) refers to main.o(.bss.player_2_score) for [Anonymous Symbol]
    main.o(.ARM.exidx) refers (Special) to _printf_percent.o(.ARM.Collect$$_printf_percent$$00000000) for _printf_percent
    main.o(.ARM.exidx) refers (Special) to _printf_c.o(.ARM.Collect$$_printf_percent$$00000013) for _printf_c
    main.o(.ARM.exidx) refers (Special) to _printf_d.o(.ARM.Collect$$_printf_percent$$00000009) for _printf_d
    main.o(.ARM.exidx) refers (Special) to _printf_dec.o(.text) for _printf_int_dec
    main.o(.ARM.exidx) refers (Special) to _printf_str.o(.text) for _printf_str
    main.o(.ARM.exidx) refers to main.o(.text) for [Anonymous Symbol]
    main.o(.rodata.str1.1) refers (Special) to _printf_percent.o(.ARM.Collect$$_printf_percent$$00000000) for _printf_percent
    main.o(.rodata.str1.1) refers (Special) to _printf_c.o(.ARM.Collect$$_printf_percent$$00000013) for _printf_c
    main.o(.rodata.str1.1) refers (Special) to _printf_d.o(.ARM.Collect$$_printf_percent$$00000009) for _printf_d
    main.o(.rodata.str1.1) refers (Special) to _printf_dec.o(.text) for _printf_int_dec
    main.o(.rodata.str1.1) refers (Special) to _printf_str.o(.text) for _printf_str
    main.o(.bss.status) refers (Special) to _printf_percent.o(.ARM.Collect$$_printf_percent$$00000000) for _printf_percent
    main.o(.bss.status) refers (Special) to _printf_c.o(.ARM.Collect$$_printf_percent$$00000013) for _printf_c
    main.o(.bss.status) refers (Special) to _printf_d.o(.ARM.Collect$$_printf_percent$$00000009) for _printf_d
    main.o(.bss.status) refers (Special) to _printf_dec.o(.text) for _printf_int_dec
    main.o(.bss.status) refers (Special) to _printf_str.o(.text) for _printf_str
    main.o(.rodata.square_default) refers (Special) to _printf_percent.o(.ARM.Collect$$_printf_percent$$00000000) for _printf_percent
    main.o(.rodata.square_default) refers (Special) to _printf_c.o(.ARM.Collect$$_printf_percent$$00000013) for _printf_c
    main.o(.rodata.square_default) refers (Special) to _printf_d.o(.ARM.Collect$$_printf_percent$$00000009) for _printf_d
    main.o(.rodata.square_default) refers (Special) to _printf_dec.o(.text) for _printf_int_dec
    main.o(.rodata.square_default) refers (Special) to _printf_str.o(.text) for _printf_str
    main.o(.data.square) refers (Special) to _printf_percent.o(.ARM.Collect$$_printf_percent$$00000000) for _printf_percent
    main.o(.data.square) refers (Special) to _printf_c.o(.ARM.Collect$$_printf_percent$$00000013) for _printf_c
    main.o(.data.square) refers (Special) to _printf_d.o(.ARM.Collect$$_printf_percent$$00000009) for _printf_d
    main.o(.data.square) refers (Special) to _printf_dec.o(.text) for _printf_int_dec
    main.o(.data.square) refers (Special) to _printf_str.o(.text) for _printf_str
    main.o(.bss.player_1_score) refers (Special) to _printf_percent.o(.ARM.Collect$$_printf_percent$$00000000) for _printf_percent
    main.o(.bss.player_1_score) refers (Special) to _printf_c.o(.ARM.Collect$$_printf_percent$$00000013) for _printf_c
    main.o(.bss.player_1_score) refers (Special) to _printf_d.o(.ARM.Collect$$_printf_percent$$00000009) for _printf_d
    main.o(.bss.player_1_score) refers (Special) to _printf_dec.o(.text) for _printf_int_dec
    main.o(.bss.player_1_score) refers (Special) to _printf_str.o(.text) for _printf_str
    main.o(.bss.player_2_score) refers (Special) to _printf_percent.o(.ARM.Collect$$_printf_percent$$00000000) for _printf_percent
    main.o(.bss.player_2_score) refers (Special) to _printf_c.o(.ARM.Collect$$_printf_percent$$00000013) for _printf_c
    main.o(.bss.player_2_score) refers (Special) to _printf_d.o(.ARM.Collect$$_printf_percent$$00000009) for _printf_d
    main.o(.bss.player_2_score) refers (Special) to _printf_dec.o(.text) for _printf_int_dec
    main.o(.bss.player_2_score) refers (Special) to _printf_str.o(.text) for _printf_str
    main.o(.bss.b) refers (Special) to _printf_percent.o(.ARM.Collect$$_printf_percent$$00000000) for _printf_percent
    main.o(.bss.b) refers (Special) to _printf_c.o(.ARM.Collect$$_printf_percent$$00000013) for _printf_c
    main.o(.bss.b) refers (Special) to _printf_d.o(.ARM.Collect$$_printf_percent$$00000009) for _printf_d
    main.o(.bss.b) refers (Special) to _printf_dec.o(.text) for _printf_int_dec
    main.o(.bss.b) refers (Special) to _printf_str.o(.text) for _printf_str
    main.o(.bss.s) refers (Special) to _printf_percent.o(.ARM.Collect$$_printf_percent$$00000000) for _printf_percent
    main.o(.bss.s) refers (Special) to _printf_c.o(.ARM.Collect$$_printf_percent$$00000013) for _printf_c
    main.o(.bss.s) refers (Special) to _printf_d.o(.ARM.Collect$$_printf_percent$$00000009) for _printf_d
    main.o(.bss.s) refers (Special) to _printf_dec.o(.text) for _printf_int_dec
    main.o(.bss.s) refers (Special) to _printf_str.o(.text) for _printf_str
    main.o(.bss.O_n) refers (Special) to _printf_percent.o(.ARM.Collect$$_printf_percent$$00000000) for _printf_percent
    main.o(.bss.O_n) refers (Special) to _printf_c.o(.ARM.Collect$$_printf_percent$$00000013) for _printf_c
    main.o(.bss.O_n) refers (Special) to _printf_d.o(.ARM.Collect$$_printf_percent$$00000009) for _printf_d
    main.o(.bss.O_n) refers (Special) to _printf_dec.o(.text) for _printf_int_dec
    main.o(.bss.O_n) refers (Special) to _printf_str.o(.text) for _printf_str
    main.o(.ARM.use_no_argv) refers (Special) to _printf_percent.o(.ARM.Collect$$_printf_percent$$00000000) for _printf_percent
    main.o(.ARM.use_no_argv) refers (Special) to _printf_c.o(.ARM.Collect$$_printf_percent$$00000013) for _printf_c
    main.o(.ARM.use_no_argv) refers (Special) to _printf_d.o(.ARM.Collect$$_printf_percent$$00000009) for _printf_d
    main.o(.ARM.use_no_argv) refers (Special) to _printf_dec.o(.text) for _printf_int_dec
    main.o(.ARM.use_no_argv) refers (Special) to _printf_str.o(.text) for _printf_str
    cm0dsasm.o(STACK) refers (Special) to heapauxi.o(.text) for __use_two_region_memory
    cm0dsasm.o(HEAP) refers (Special) to heapauxi.o(.text) for __use_two_region_memory
    cm0dsasm.o(RESET) refers (Special) to heapauxi.o(.text) for __use_two_region_memory
    cm0dsasm.o(RESET) refers to cm0dsasm.o(.text) for Reset_Handler
    cm0dsasm.o(.text) refers (Special) to heapauxi.o(.text) for __use_two_region_memory
    cm0dsasm.o(.text) refers to main.o(.text) for Timer_ISR
    cm0dsasm.o(.text) refers to __main.o(!!!main) for __main
    cm0dsasm.o(.text) refers to cm0dsasm.o(HEAP) for Heap_Mem
    cm0dsasm.o(.text) refers to cm0dsasm.o(STACK) for Stack_Mem
    edk_driver.o(.ARM.exidx) refers to edk_driver.o(.text) for [Anonymous Symbol]
    edk_api.o(.text) refers to edk_driver.o(.text) for seven_seg_write
    edk_api.o(.text) refers to edk_api.o(.bss.dig4) for [Anonymous Symbol]
    edk_api.o(.text) refers to edk_api.o(.bss.dig3) for [Anonymous Symbol]
    edk_api.o(.text) refers to edk_api.o(.bss.dig2) for [Anonymous Symbol]
    edk_api.o(.text) refers to edk_api.o(.bss.dig1) for [Anonymous Symbol]
    edk_api.o(.ARM.exidx) refers to edk_api.o(.text) for [Anonymous Symbol]
    retarget.o(.ARM.exidx) refers to retarget.o(.text) for [Anonymous Symbol]
    __2printf.o(.text) refers to _printf_char_file.o(.text) for _printf_char_file
    __2printf.o(.text) refers to retarget.o(.bss.__stdout) for __stdout
    noretval__2printf.o(.text) refers to _printf_char_file.o(.text) for _printf_char_file
    noretval__2printf.o(.text) refers to retarget.o(.bss.__stdout) for __stdout
    __printf.o(.text) refers to _printf_percent.o(.ARM.Collect$$_printf_percent$$00000000) for _printf_percent
    _printf_str.o(.text) refers (Special) to _printf_char.o(.text) for _printf_cs_common
    _printf_dec.o(.text) refers to rtudiv10.o(.text) for __rt_udiv10
    _printf_dec.o(.text) refers to _printf_intcommon.o(.text) for _printf_int_common
    __printf_flags.o(.text) refers to _printf_percent.o(.ARM.Collect$$_printf_percent$$00000000) for _printf_percent
    __printf_flags.o(.text) refers to __printf_flags.o(.constdata) for .constdata
    __printf_ss.o(.text) refers to _printf_percent.o(.ARM.Collect$$_printf_percent$$00000000) for _printf_percent
    __printf_flags_ss.o(.text) refers to _printf_percent.o(.ARM.Collect$$_printf_percent$$00000000) for _printf_percent
    __printf_flags_ss.o(.text) refers to __printf_flags_ss.o(.constdata) for .constdata
    __printf_wp.o(.text) refers to __printf_wp.o(i._is_digit) for _is_digit
    __printf_wp.o(.text) refers to _printf_percent.o(.ARM.Collect$$_printf_percent$$00000000) for _printf_percent
    __printf_flags_wp.o(.text) refers to __printf_wp.o(i._is_digit) for _is_digit
    __printf_flags_wp.o(.text) refers to _printf_percent.o(.ARM.Collect$$_printf_percent$$00000000) for _printf_percent
    __printf_flags_wp.o(.text) refers to __printf_flags_wp.o(.constdata) for .constdata
    __printf_ss_wp.o(.text) refers to __printf_wp.o(i._is_digit) for _is_digit
    __printf_ss_wp.o(.text) refers to _printf_percent.o(.ARM.Collect$$_printf_percent$$00000000) for _printf_percent
    __printf_flags_ss_wp.o(.text) refers to __printf_wp.o(i._is_digit) for _is_digit
    __printf_flags_ss_wp.o(.text) refers to _printf_percent.o(.ARM.Collect$$_printf_percent$$00000000) for _printf_percent
    __printf_flags_ss_wp.o(.text) refers to __printf_flags_ss_wp.o(.constdata) for .constdata
    _printf_c.o(.ARM.Collect$$_printf_percent$$00000013) refers (Weak) to _printf_char.o(.text) for _printf_char
    _printf_d.o(.ARM.Collect$$_printf_percent$$00000009) refers (Weak) to _printf_dec.o(.text) for _printf_int_dec
    _printf_percent.o(.ARM.Collect$$_printf_percent$$00000000) refers (Special) to _printf_percent_end.o(.ARM.Collect$$_printf_percent$$00000017) for _printf_percent_end
    putchar.o(.text) refers to retarget.o(.text) for fputc
    putchar.o(.text) refers to retarget.o(.bss.__stdout) for __stdout
    puts.o(.text) refers to retarget.o(.text) for fputc
    puts.o(.text) refers to retarget.o(.bss.__stdout) for __stdout
    rt_memcpy.o(.text) refers to rt_memcpy.o(.emb_text) for __aeabi_memcpy4
    __main.o(!!!main) refers to __rtentry.o(.ARM.Collect$$rtentry$$00000000) for __rt_entry
    __rtentry.o(.ARM.Collect$$rtentry$$00000000) refers (Special) to __rtentry2.o(.ARM.Collect$$rtentry$$0000000A) for __rt_entry_li
    __rtentry.o(.ARM.Collect$$rtentry$$00000000) refers (Special) to __rtentry2.o(.ARM.Collect$$rtentry$$0000000D) for __rt_entry_main
    __rtentry.o(.ARM.Collect$$rtentry$$00000000) refers (Special) to __rtentry2.o(.ARM.Collect$$rtentry$$0000000C) for __rt_entry_postli_1
    __rtentry.o(.ARM.Collect$$rtentry$$00000000) refers (Special) to __rtentry2.o(.ARM.Collect$$rtentry$$00000009) for __rt_entry_postsh_1
    __rtentry.o(.ARM.Collect$$rtentry$$00000000) refers (Special) to __rtentry2.o(.ARM.Collect$$rtentry$$00000002) for __rt_entry_presh_1
    __rtentry.o(.ARM.Collect$$rtentry$$00000000) refers (Special) to __rtentry4.o(.ARM.Collect$$rtentry$$00000004) for __rt_entry_sh
    aeabi_idiv0_sigfpe.o(.text) refers to rt_div0.o(.text) for __rt_div0
    _printf_char.o(.text) refers (Weak) to _printf_str.o(.text) for _printf_str
    _printf_char_file.o(.text) refers to _printf_char_common.o(.text) for _printf_char_common
    _printf_char_file.o(.text) refers to retarget.o(.text) for ferror
    __rtentry2.o(.ARM.Collect$$rtentry$$00000008) refers to boardinit2.o(.text) for _platform_post_stackheap_init
    __rtentry2.o(.ARM.Collect$$rtentry$$0000000A) refers to libinit.o(.ARM.Collect$$libinit$$00000000) for __rt_lib_init
    __rtentry2.o(.ARM.Collect$$rtentry$$0000000B) refers to boardinit3.o(.text) for _platform_post_lib_init
    __rtentry2.o(.ARM.Collect$$rtentry$$0000000D) refers to main.o(.text) for main
    __rtentry2.o(.ARM.Collect$$rtentry$$0000000D) refers to exit.o(.text) for exit
    __rtentry2.o(.ARM.exidx) refers to __rtentry2.o(.ARM.Collect$$rtentry$$00000001) for .ARM.Collect$$rtentry$$00000001
    __rtentry2.o(.ARM.exidx) refers to __rtentry2.o(.ARM.Collect$$rtentry$$00000008) for .ARM.Collect$$rtentry$$00000008
    __rtentry2.o(.ARM.exidx) refers to __rtentry2.o(.ARM.Collect$$rtentry$$0000000A) for .ARM.Collect$$rtentry$$0000000A
    __rtentry2.o(.ARM.exidx) refers to __rtentry2.o(.ARM.Collect$$rtentry$$0000000B) for .ARM.Collect$$rtentry$$0000000B
    __rtentry2.o(.ARM.exidx) refers to __rtentry2.o(.ARM.Collect$$rtentry$$0000000D) for .ARM.Collect$$rtentry$$0000000D
    __rtentry4.o(.ARM.Collect$$rtentry$$00000004) refers to sys_stackheap_outer.o(.text) for __user_setup_stackheap
    __rtentry4.o(.ARM.exidx) refers to __rtentry4.o(.ARM.Collect$$rtentry$$00000004) for .ARM.Collect$$rtentry$$00000004
    rt_div0.o(.text) refers to defsig_fpe_outer.o(.text) for __rt_SIGFPE
    _printf_char_common.o(.text) refers to __printf.o(.text) for __printf
    sys_stackheap_outer.o(.text) refers to libspace.o(.text) for __user_perproc_libspace
    sys_stackheap_outer.o(.text) refers to cm0dsasm.o(.text) for __user_initial_stackheap
    sys_stackheap_outer.o(__vectab_stack_and_reset_area) refers to tempstk.o(.text) for __temporary_stack_top
    sys_stackheap_outer.o(__vectab_stack_and_reset_area) refers to __main.o(!!!main) for __main
    exit.o(.text) refers to rtexit.o(.ARM.Collect$$rtexit$$00000000) for __rt_exit
    defsig_fpe_outer.o(.text) refers to defsig_fpe_inner.o(.text) for __rt_SIGFPE_inner
    defsig_fpe_outer.o(.text) refers to defsig_exit.o(.text) for __sig_exit
    defsig_fpe_formal.o(.text) refers to rt_raise.o(.text) for __rt_raise
    libinit.o(.ARM.Collect$$libinit$$00000000) refers (Special) to libinit2.o(.ARM.Collect$$libinit$$00000030) for __rt_lib_init_alloca_1
    libinit.o(.ARM.Collect$$libinit$$00000000) refers (Special) to libinit2.o(.ARM.Collect$$libinit$$0000002E) for __rt_lib_init_argv_1
    libinit.o(.ARM.Collect$$libinit$$00000000) refers (Special) to libinit2.o(.ARM.Collect$$libinit$$0000001D) for __rt_lib_init_atexit_1
    libinit.o(.ARM.Collect$$libinit$$00000000) refers (Special) to libinit2.o(.ARM.Collect$$libinit$$00000023) for __rt_lib_init_clock_1
    libinit.o(.ARM.Collect$$libinit$$00000000) refers (Special) to libinit2.o(.ARM.Collect$$libinit$$00000034) for __rt_lib_init_cpp_1
    libinit.o(.ARM.Collect$$libinit$$00000000) refers (Special) to libinit2.o(.ARM.Collect$$libinit$$00000032) for __rt_lib_init_exceptions_1
    libinit.o(.ARM.Collect$$libinit$$00000000) refers (Special) to libinit2.o(.ARM.Collect$$libinit$$00000002) for __rt_lib_init_fp_1
    libinit.o(.ARM.Collect$$libinit$$00000000) refers (Special) to libinit2.o(.ARM.Collect$$libinit$$00000021) for __rt_lib_init_fp_trap_1
    libinit.o(.ARM.Collect$$libinit$$00000000) refers (Special) to libinit2.o(.ARM.Collect$$libinit$$00000025) for __rt_lib_init_getenv_1
    libinit.o(.ARM.Collect$$libinit$$00000000) refers (Special) to libinit2.o(.ARM.Collect$$libinit$$0000000C) for __rt_lib_init_heap_1
    libinit.o(.ARM.Collect$$libinit$$00000000) refers (Special) to libinit2.o(.ARM.Collect$$libinit$$00000013) for __rt_lib_init_lc_collate_1
    libinit.o(.ARM.Collect$$libinit$$00000000) refers (Special) to libinit2.o(.ARM.Collect$$libinit$$00000015) for __rt_lib_init_lc_ctype_1
    libinit.o(.ARM.Collect$$libinit$$00000000) refers (Special) to libinit2.o(.ARM.Collect$$libinit$$00000017) for __rt_lib_init_lc_monetary_1
    libinit.o(.ARM.Collect$$libinit$$00000000) refers (Special) to libinit2.o(.ARM.Collect$$libinit$$00000019) for __rt_lib_init_lc_numeric_1
    libinit.o(.ARM.Collect$$libinit$$00000000) refers (Special) to libinit2.o(.ARM.Collect$$libinit$$0000001B) for __rt_lib_init_lc_time_1
    libinit.o(.ARM.Collect$$libinit$$00000000) refers (Special) to libinit2.o(.ARM.Collect$$libinit$$00000006) for __rt_lib_init_preinit_1
    libinit.o(.ARM.Collect$$libinit$$00000000) refers (Special) to libinit2.o(.ARM.Collect$$libinit$$00000010) for __rt_lib_init_rand_1
    libinit.o(.ARM.Collect$$libinit$$00000000) refers (Special) to libinit2.o(.ARM.Collect$$libinit$$00000004) for __rt_lib_init_relocate_pie_1
    libinit.o(.ARM.Collect$$libinit$$00000000) refers (Special) to libinit2.o(.ARM.Collect$$libinit$$00000035) for __rt_lib_init_return
    libinit.o(.ARM.Collect$$libinit$$00000000) refers (Special) to libinit2.o(.ARM.Collect$$libinit$$0000001F) for __rt_lib_init_signal_1
    libinit.o(.ARM.Collect$$libinit$$00000000) refers (Special) to libinit2.o(.ARM.Collect$$libinit$$00000027) for __rt_lib_init_stdio_1
    libinit.o(.ARM.Collect$$libinit$$00000000) refers (Special) to libinit2.o(.ARM.Collect$$libinit$$0000000E) for __rt_lib_init_user_alloc_1
    libspace.o(.text) refers to libspace.o(.bss) for __libspace_start
    rtexit.o(.ARM.Collect$$rtexit$$00000000) refers (Special) to rtexit2.o(.ARM.Collect$$rtexit$$00000004) for __rt_exit_exit
    rtexit.o(.ARM.Collect$$rtexit$$00000000) refers (Special) to rtexit2.o(.ARM.Collect$$rtexit$$00000003) for __rt_exit_ls
    rtexit.o(.ARM.Collect$$rtexit$$00000000) refers (Special) to rtexit2.o(.ARM.Collect$$rtexit$$00000002) for __rt_exit_prels_1
    rtexit.o(.ARM.exidx) refers (Special) to rtexit2.o(.ARM.Collect$$rtexit$$00000004) for __rt_exit_exit
    rtexit.o(.ARM.exidx) refers (Special) to rtexit2.o(.ARM.Collect$$rtexit$$00000003) for __rt_exit_ls
    rtexit.o(.ARM.exidx) refers (Special) to rtexit2.o(.ARM.Collect$$rtexit$$00000002) for __rt_exit_prels_1
    rtexit.o(.ARM.exidx) refers to rtexit.o(.ARM.Collect$$rtexit$$00000000) for .ARM.Collect$$rtexit$$00000000
    rt_raise.o(.text) refers to __raise.o(.text) for __raise
    rt_raise.o(.text) refers to retarget.o(.text) for _sys_exit
    defsig_exit.o(.text) refers to retarget.o(.text) for _sys_exit
    defsig_fpe_inner.o(.text) refers to defsig_general.o(.text) for __default_signal_display
    libinit2.o(.ARM.Collect$$libinit$$00000012) refers to libinit2.o(.ARM.Collect$$libinit$$00000011) for .ARM.Collect$$libinit$$00000011
    libinit2.o(.ARM.Collect$$libinit$$00000014) refers to libinit2.o(.ARM.Collect$$libinit$$00000011) for .ARM.Collect$$libinit$$00000011
    libinit2.o(.ARM.Collect$$libinit$$00000016) refers to libinit2.o(.ARM.Collect$$libinit$$00000011) for .ARM.Collect$$libinit$$00000011
    libinit2.o(.ARM.Collect$$libinit$$00000018) refers to libinit2.o(.ARM.Collect$$libinit$$00000011) for .ARM.Collect$$libinit$$00000011
    libinit2.o(.ARM.Collect$$libinit$$0000001A) refers to libinit2.o(.ARM.Collect$$libinit$$00000011) for .ARM.Collect$$libinit$$00000011
    libinit2.o(.ARM.Collect$$libinit$$00000028) refers to argv_veneer.o(.text) for __ARM_argv_veneer
    libinit2.o(.ARM.Collect$$libinit$$00000029) refers to argv_veneer.o(.text) for __ARM_argv_veneer
    rtexit2.o(.ARM.Collect$$rtexit$$00000003) refers to libshutdown.o(.ARM.Collect$$libshutdown$$00000000) for __rt_lib_shutdown
    rtexit2.o(.ARM.Collect$$rtexit$$00000004) refers to retarget.o(.text) for _sys_exit
    rtexit2.o(.ARM.exidx) refers to rtexit2.o(.ARM.Collect$$rtexit$$00000001) for .ARM.Collect$$rtexit$$00000001
    rtexit2.o(.ARM.exidx) refers to rtexit2.o(.ARM.Collect$$rtexit$$00000003) for .ARM.Collect$$rtexit$$00000003
    rtexit2.o(.ARM.exidx) refers to rtexit2.o(.ARM.Collect$$rtexit$$00000004) for .ARM.Collect$$rtexit$$00000004
    __raise.o(.text) refers to defsig.o(CL$$defsig) for __default_signal_handler
    defsig_general.o(.text) refers to retarget.o(.text) for _ttywrch
    defsig.o(CL$$defsig) refers to defsig_fpe_inner.o(.text) for __rt_SIGFPE_inner
    defsig.o(CL$$defsig) refers to defsig_rtmem_inner.o(.text) for __rt_SIGRTMEM_inner
    _get_argv_nomalloc.o(.text) refers (Special) to hrguard.o(.text) for __heap_region$guard
    _get_argv_nomalloc.o(.text) refers to defsig_rtmem_outer.o(.text) for __rt_SIGRTMEM
    _get_argv_nomalloc.o(.text) refers to sys_command.o(.text) for _sys_command_string
    libshutdown.o(.ARM.Collect$$libshutdown$$00000000) refers (Special) to libshutdown2.o(.ARM.Collect$$libshutdown$$00000002) for __rt_lib_shutdown_cpp_1
    libshutdown.o(.ARM.Collect$$libshutdown$$00000000) refers (Special) to libshutdown2.o(.ARM.Collect$$libshutdown$$00000007) for __rt_lib_shutdown_fp_trap_1
    libshutdown.o(.ARM.Collect$$libshutdown$$00000000) refers (Special) to libshutdown2.o(.ARM.Collect$$libshutdown$$0000000F) for __rt_lib_shutdown_heap_1
    libshutdown.o(.ARM.Collect$$libshutdown$$00000000) refers (Special) to libshutdown2.o(.ARM.Collect$$libshutdown$$00000010) for __rt_lib_shutdown_return
    libshutdown.o(.ARM.Collect$$libshutdown$$00000000) refers (Special) to libshutdown2.o(.ARM.Collect$$libshutdown$$0000000A) for __rt_lib_shutdown_signal_1
    libshutdown.o(.ARM.Collect$$libshutdown$$00000000) refers (Special) to libshutdown2.o(.ARM.Collect$$libshutdown$$00000004) for __rt_lib_shutdown_stdio_1
    libshutdown.o(.ARM.Collect$$libshutdown$$00000000) refers (Special) to libshutdown2.o(.ARM.Collect$$libshutdown$$0000000C) for __rt_lib_shutdown_user_alloc_1
    sys_command.o(.text) refers (Special) to use_no_semi.o(.text) for __I$use$semihosting
    sys_command.o(.text) refers (Special) to indicate_semi.o(.text) for __semihosting_library_function
    sys_command_hlt.o(.text) refers (Special) to use_no_semi.o(.text) for __I$use$semihosting
    sys_command_hlt.o(.text) refers (Special) to indicate_semi.o(.text) for __semihosting_library_function
    defsig_abrt_inner.o(.text) refers to defsig_general.o(.text) for __default_signal_display
    defsig_rtred_inner.o(.text) refers to defsig_general.o(.text) for __default_signal_display
    defsig_rtmem_inner.o(.text) refers to defsig_general.o(.text) for __default_signal_display
    defsig_rtmem_outer.o(.text) refers to defsig_rtmem_inner.o(.text) for __rt_SIGRTMEM_inner
    defsig_rtmem_outer.o(.text) refers to defsig_exit.o(.text) for __sig_exit
    defsig_rtmem_formal.o(.text) refers to rt_raise.o(.text) for __rt_raise
    defsig_stak_inner.o(.text) refers to defsig_general.o(.text) for __default_signal_display
    defsig_pvfn_inner.o(.text) refers to defsig_general.o(.text) for __default_signal_display
    defsig_cppl_inner.o(.text) refers to defsig_general.o(.text) for __default_signal_display
    defsig_segv_inner.o(.text) refers to defsig_general.o(.text) for __default_signal_display
    defsig_other.o(.text) refers to defsig_general.o(.text) for __default_signal_display


==============================================================================

Removing Unused input sections from the image.

    Removing main.o(.ARM.exidx), (104 bytes).
    Removing main.o(.bss.b), (8 bytes).
    Removing main.o(.bss.s), (80 bytes).
    Removing main.o(.bss.O_n), (160 bytes).
    Removing main.o(.ARM.use_no_argv), (4 bytes).
    Removing edk_driver.o(.ARM.exidx), (56 bytes).
    Removing edk_api.o(.ARM.exidx), (64 bytes).
    Removing retarget.o(.ARM.exidx), (72 bytes).
    Removing retarget.o(.bss.__stdin), (84 bytes).

9 unused section(s) (total 632 bytes) removed from the image.

==============================================================================

Image Symbol Table

    Local Symbols

    Symbol Name                              Value     Ov Type        Size  Object(Section)

    ../clib/angel/boardlib.s                 0x00000000   Number         0  boardinit1.o ABSOLUTE
    ../clib/angel/boardlib.s                 0x00000000   Number         0  boardinit2.o ABSOLUTE
    ../clib/angel/boardlib.s                 0x00000000   Number         0  boardinit3.o ABSOLUTE
    ../clib/angel/boardlib.s                 0x00000000   Number         0  boardshut.o ABSOLUTE
    ../clib/angel/handlers.s                 0x00000000   Number         0  __scatter_zi.o ABSOLUTE
    ../clib/angel/kernel.s                   0x00000000   Number         0  __rtentry.o ABSOLUTE
    ../clib/angel/kernel.s                   0x00000000   Number         0  __rtentry2.o ABSOLUTE
    ../clib/angel/kernel.s                   0x00000000   Number         0  __rtentry4.o ABSOLUTE
    ../clib/angel/kernel.s                   0x00000000   Number         0  rtexit.o ABSOLUTE
    ../clib/angel/kernel.s                   0x00000000   Number         0  rtexit2.o ABSOLUTE
    ../clib/angel/rt.s                       0x00000000   Number         0  aeabi_idiv0.o ABSOLUTE
    ../clib/angel/rt.s                       0x00000000   Number         0  aeabi_idiv0_sigfpe.o ABSOLUTE
    ../clib/angel/rt.s                       0x00000000   Number         0  rt_div0.o ABSOLUTE
    ../clib/angel/rt.s                       0x00000000   Number         0  rt_raise.o ABSOLUTE
    ../clib/angel/scatterp.s                 0x00000000   Number         0  __scatter.o ABSOLUTE
    ../clib/angel/startup.s                  0x00000000   Number         0  __main.o ABSOLUTE
    ../clib/angel/sys.s                      0x00000000   Number         0  sys_stackheap_outer.o ABSOLUTE
    ../clib/angel/sys.s                      0x00000000   Number         0  libspace.o ABSOLUTE
    ../clib/angel/sys.s                      0x00000000   Number         0  tempstk.o ABSOLUTE
    ../clib/angel/sys.s                      0x00000000   Number         0  use_no_semi.o ABSOLUTE
    ../clib/angel/sys.s                      0x00000000   Number         0  indicate_semi.o ABSOLUTE
    ../clib/angel/sysapp.c                   0x00000000   Number         0  sys_command.o ABSOLUTE
    ../clib/angel/sysapp.c                   0x00000000   Number         0  sys_command_hlt.o ABSOLUTE
    ../clib/armsys.c                         0x00000000   Number         0  argv_veneer.o ABSOLUTE
    ../clib/armsys.c                         0x00000000   Number         0  _get_argv_nomalloc.o ABSOLUTE
    ../clib/armsys.c                         0x00000000   Number         0  no_argv.o ABSOLUTE
    ../clib/division.c                       0x00000000   Number         0  rtudiv10.o ABSOLUTE
    ../clib/division.s                       0x00000000   Number         0  aeabi_sdivfast.o ABSOLUTE
    ../clib/division.s                       0x00000000   Number         0  aeabi_sdivfast_div0.o ABSOLUTE
    ../clib/heapalloc.c                      0x00000000   Number         0  hrguard.o ABSOLUTE
    ../clib/heapaux.c                        0x00000000   Number         0  heapauxi.o ABSOLUTE
    ../clib/libinit.s                        0x00000000   Number         0  libinit.o ABSOLUTE
    ../clib/libinit.s                        0x00000000   Number         0  libinit2.o ABSOLUTE
    ../clib/libinit.s                        0x00000000   Number         0  libshutdown.o ABSOLUTE
    ../clib/libinit.s                        0x00000000   Number         0  libshutdown2.o ABSOLUTE
    ../clib/memcpset.c                       0x00000000   Number         0  rt_memcpy.o ABSOLUTE
    ../clib/memcpset.c                       0x00000000   Number         0  rt_memcpy.o ABSOLUTE
    ../clib/printf.c                         0x00000000   Number         0  __2printf.o ABSOLUTE
    ../clib/printf.c                         0x00000000   Number         0  noretval__2printf.o ABSOLUTE
    ../clib/printf.c                         0x00000000   Number         0  __printf.o ABSOLUTE
    ../clib/printf.c                         0x00000000   Number         0  _printf_str.o ABSOLUTE
    ../clib/printf.c                         0x00000000   Number         0  _printf_dec.o ABSOLUTE
    ../clib/printf.c                         0x00000000   Number         0  __printf_flags.o ABSOLUTE
    ../clib/printf.c                         0x00000000   Number         0  __printf_ss.o ABSOLUTE
    ../clib/printf.c                         0x00000000   Number         0  __printf_flags_ss.o ABSOLUTE
    ../clib/printf.c                         0x00000000   Number         0  __printf_wp.o ABSOLUTE
    ../clib/printf.c                         0x00000000   Number         0  __printf_flags_wp.o ABSOLUTE
    ../clib/printf.c                         0x00000000   Number         0  __printf_ss_wp.o ABSOLUTE
    ../clib/printf.c                         0x00000000   Number         0  __printf_flags_ss_wp.o ABSOLUTE
    ../clib/printf.c                         0x00000000   Number         0  _printf_intcommon.o ABSOLUTE
    ../clib/printf.c                         0x00000000   Number         0  _printf_char.o ABSOLUTE
    ../clib/printf.c                         0x00000000   Number         0  _printf_char_file.o ABSOLUTE
    ../clib/printf.c                         0x00000000   Number         0  _printf_char_common.o ABSOLUTE
    ../clib/printf.c                         0x00000000   Number         0  __printf_nopercent.o ABSOLUTE
    ../clib/printf_percent.s                 0x00000000   Number         0  _printf_c.o ABSOLUTE
    ../clib/printf_percent.s                 0x00000000   Number         0  _printf_d.o ABSOLUTE
    ../clib/printf_percent.s                 0x00000000   Number         0  _printf_percent.o ABSOLUTE
    ../clib/printf_percent.s                 0x00000000   Number         0  _printf_percent_end.o ABSOLUTE
    ../clib/signal.c                         0x00000000   Number         0  defsig_fpe_outer.o ABSOLUTE
    ../clib/signal.c                         0x00000000   Number         0  defsig_fpe_formal.o ABSOLUTE
    ../clib/signal.c                         0x00000000   Number         0  defsig_exit.o ABSOLUTE
    ../clib/signal.c                         0x00000000   Number         0  defsig_fpe_inner.o ABSOLUTE
    ../clib/signal.c                         0x00000000   Number         0  __raise.o ABSOLUTE
    ../clib/signal.c                         0x00000000   Number         0  defsig_general.o ABSOLUTE
    ../clib/signal.c                         0x00000000   Number         0  defsig_abrt_inner.o ABSOLUTE
    ../clib/signal.c                         0x00000000   Number         0  defsig_rtred_inner.o ABSOLUTE
    ../clib/signal.c                         0x00000000   Number         0  defsig_rtmem_inner.o ABSOLUTE
    ../clib/signal.c                         0x00000000   Number         0  defsig_rtmem_outer.o ABSOLUTE
    ../clib/signal.c                         0x00000000   Number         0  defsig_rtmem_formal.o ABSOLUTE
    ../clib/signal.c                         0x00000000   Number         0  defsig_stak_inner.o ABSOLUTE
    ../clib/signal.c                         0x00000000   Number         0  defsig_pvfn_inner.o ABSOLUTE
    ../clib/signal.c                         0x00000000   Number         0  defsig_cppl_inner.o ABSOLUTE
    ../clib/signal.c                         0x00000000   Number         0  defsig_segv_inner.o ABSOLUTE
    ../clib/signal.c                         0x00000000   Number         0  defsig_other.o ABSOLUTE
    ../clib/signal.s                         0x00000000   Number         0  defsig.o ABSOLUTE
    ../clib/stdio.c                          0x00000000   Number         0  putchar.o ABSOLUTE
    ../clib/stdio.c                          0x00000000   Number         0  puts.o ABSOLUTE
    ../clib/stdlib.c                         0x00000000   Number         0  exit.o ABSOLUTE
    ../fplib/cfplib/fpinit.c                 0x00000000   Number         0  fpinit.o ABSOLUTE
    ..\Files\Software\device\cm0dsasm.s      0x00000000   Number         0  cm0dsasm.o ABSOLUTE
    dc.s                                     0x00000000   Number         0  dc.o ABSOLUTE
    edk_api.c                                0x00000000   Number         0  edk_api.o ABSOLUTE
    edk_driver.c                             0x00000000   Number         0  edk_driver.o ABSOLUTE
    main.c                                   0x00000000   Number         0  main.o ABSOLUTE
    retarget.c                               0x00000000   Number         0  retarget.o ABSOLUTE
    RESET                                    0x00000000   Section      128  cm0dsasm.o(RESET)
    !!!main                                  0x00000080   Section        8  __main.o(!!!main)
    !!!scatter                               0x00000088   Section       60  __scatter.o(!!!scatter)
    !!handler_zi                             0x000000c4   Section       28  __scatter_zi.o(!!handler_zi)
    .ARM.Collect$$_printf_percent$$00000000  0x000000e0   Section        2  _printf_percent.o(.ARM.Collect$$_printf_percent$$00000000)
    .ARM.Collect$$_printf_percent$$00000009  0x000000e2   Section       10  _printf_d.o(.ARM.Collect$$_printf_percent$$00000009)
    .ARM.Collect$$_printf_percent$$00000013  0x000000ec   Section       10  _printf_c.o(.ARM.Collect$$_printf_percent$$00000013)
    .ARM.Collect$$_printf_percent$$00000017  0x000000f6   Section        4  _printf_percent_end.o(.ARM.Collect$$_printf_percent$$00000017)
    .ARM.Collect$$libinit$$00000000          0x000000fa   Section        2  libinit.o(.ARM.Collect$$libinit$$00000000)
    .ARM.Collect$$libinit$$00000002          0x000000fc   Section        0  libinit2.o(.ARM.Collect$$libinit$$00000002)
    .ARM.Collect$$libinit$$00000004          0x000000fc   Section        0  libinit2.o(.ARM.Collect$$libinit$$00000004)
    .ARM.Collect$$libinit$$00000006          0x000000fc   Section        0  libinit2.o(.ARM.Collect$$libinit$$00000006)
    .ARM.Collect$$libinit$$0000000C          0x000000fc   Section        0  libinit2.o(.ARM.Collect$$libinit$$0000000C)
    .ARM.Collect$$libinit$$0000000E          0x000000fc   Section        0  libinit2.o(.ARM.Collect$$libinit$$0000000E)
    .ARM.Collect$$libinit$$00000010          0x000000fc   Section        0  libinit2.o(.ARM.Collect$$libinit$$00000010)
    .ARM.Collect$$libinit$$00000013          0x000000fc   Section        0  libinit2.o(.ARM.Collect$$libinit$$00000013)
    .ARM.Collect$$libinit$$00000015          0x000000fc   Section        0  libinit2.o(.ARM.Collect$$libinit$$00000015)
    .ARM.Collect$$libinit$$00000017          0x000000fc   Section        0  libinit2.o(.ARM.Collect$$libinit$$00000017)
    .ARM.Collect$$libinit$$00000019          0x000000fc   Section        0  libinit2.o(.ARM.Collect$$libinit$$00000019)
    .ARM.Collect$$libinit$$0000001B          0x000000fc   Section        0  libinit2.o(.ARM.Collect$$libinit$$0000001B)
    .ARM.Collect$$libinit$$0000001D          0x000000fc   Section        0  libinit2.o(.ARM.Collect$$libinit$$0000001D)
    .ARM.Collect$$libinit$$0000001F          0x000000fc   Section        0  libinit2.o(.ARM.Collect$$libinit$$0000001F)
    .ARM.Collect$$libinit$$00000021          0x000000fc   Section        0  libinit2.o(.ARM.Collect$$libinit$$00000021)
    .ARM.Collect$$libinit$$00000023          0x000000fc   Section        0  libinit2.o(.ARM.Collect$$libinit$$00000023)
    .ARM.Collect$$libinit$$00000025          0x000000fc   Section        0  libinit2.o(.ARM.Collect$$libinit$$00000025)
    .ARM.Collect$$libinit$$00000027          0x000000fc   Section        0  libinit2.o(.ARM.Collect$$libinit$$00000027)
    .ARM.Collect$$libinit$$0000002E          0x000000fc   Section        0  libinit2.o(.ARM.Collect$$libinit$$0000002E)
    .ARM.Collect$$libinit$$00000030          0x000000fc   Section        0  libinit2.o(.ARM.Collect$$libinit$$00000030)
    .ARM.Collect$$libinit$$00000032          0x000000fc   Section        0  libinit2.o(.ARM.Collect$$libinit$$00000032)
    .ARM.Collect$$libinit$$00000034          0x000000fc   Section        0  libinit2.o(.ARM.Collect$$libinit$$00000034)
    .ARM.Collect$$libinit$$00000035          0x000000fc   Section        2  libinit2.o(.ARM.Collect$$libinit$$00000035)
    .ARM.Collect$$libshutdown$$00000000      0x000000fe   Section        2  libshutdown.o(.ARM.Collect$$libshutdown$$00000000)
    .ARM.Collect$$libshutdown$$00000002      0x00000100   Section        0  libshutdown2.o(.ARM.Collect$$libshutdown$$00000002)
    .ARM.Collect$$libshutdown$$00000004      0x00000100   Section        0  libshutdown2.o(.ARM.Collect$$libshutdown$$00000004)
    .ARM.Collect$$libshutdown$$00000007      0x00000100   Section        0  libshutdown2.o(.ARM.Collect$$libshutdown$$00000007)
    .ARM.Collect$$libshutdown$$0000000A      0x00000100   Section        0  libshutdown2.o(.ARM.Collect$$libshutdown$$0000000A)
    .ARM.Collect$$libshutdown$$0000000C      0x00000100   Section        0  libshutdown2.o(.ARM.Collect$$libshutdown$$0000000C)
    .ARM.Collect$$libshutdown$$0000000F      0x00000100   Section        0  libshutdown2.o(.ARM.Collect$$libshutdown$$0000000F)
    .ARM.Collect$$libshutdown$$00000010      0x00000100   Section        2  libshutdown2.o(.ARM.Collect$$libshutdown$$00000010)
    .ARM.Collect$$rtentry$$00000000          0x00000102   Section        0  __rtentry.o(.ARM.Collect$$rtentry$$00000000)
    .ARM.Collect$$rtentry$$00000002          0x00000102   Section        0  __rtentry2.o(.ARM.Collect$$rtentry$$00000002)
    .ARM.Collect$$rtentry$$00000004          0x00000102   Section        6  __rtentry4.o(.ARM.Collect$$rtentry$$00000004)
    .ARM.Collect$$rtentry$$00000009          0x00000108   Section        0  __rtentry2.o(.ARM.Collect$$rtentry$$00000009)
    .ARM.Collect$$rtentry$$0000000A          0x00000108   Section        4  __rtentry2.o(.ARM.Collect$$rtentry$$0000000A)
    .ARM.Collect$$rtentry$$0000000C          0x0000010c   Section        0  __rtentry2.o(.ARM.Collect$$rtentry$$0000000C)
    .ARM.Collect$$rtentry$$0000000D          0x0000010c   Section        8  __rtentry2.o(.ARM.Collect$$rtentry$$0000000D)
    .ARM.Collect$$rtexit$$00000000           0x00000114   Section        2  rtexit.o(.ARM.Collect$$rtexit$$00000000)
    .ARM.Collect$$rtexit$$00000002           0x00000116   Section        0  rtexit2.o(.ARM.Collect$$rtexit$$00000002)
    .ARM.Collect$$rtexit$$00000003           0x00000116   Section        4  rtexit2.o(.ARM.Collect$$rtexit$$00000003)
    .ARM.Collect$$rtexit$$00000004           0x0000011a   Section        6  rtexit2.o(.ARM.Collect$$rtexit$$00000004)
    .emb_text                                0x00000120   Section       56  rt_memcpy.o(.emb_text)
    [Anonymous Symbol]                       0x00000158   Section        0  main.o(.text)
    __arm_cp.0_0                             0x000001c8   Number         4  main.o(.text)
    __arm_cp.0_1                             0x000001cc   Number         4  main.o(.text)
    __arm_cp.0_2                             0x000001d0   Number         4  main.o(.text)
    __arm_cp.0_3                             0x000001d4   Number         4  main.o(.text)
    __arm_cp.0_4                             0x000001d8   Number         4  main.o(.text)
    __arm_cp.0_5                             0x000001dc   Number         4  main.o(.text)
    __arm_cp.0_6                             0x000001e0   Number         4  main.o(.text)
    __arm_cp.0_7                             0x000001e4   Number         4  main.o(.text)
    __arm_cp.0_12                            0x00000270   Number         4  main.o(.text)
    __arm_cp.1_0                             0x00000288   Number         4  main.o(.text)
    __arm_cp.1_1                             0x0000028c   Number         4  main.o(.text)
    __arm_cp.2_0                             0x00000318   Number         4  main.o(.text)
    __arm_cp.2_6                             0x00000394   Number         4  main.o(.text)
    __arm_cp.2_7                             0x00000398   Number         4  main.o(.text)
    __arm_cp.2_8                             0x0000039c   Number         4  main.o(.text)
    __arm_cp.3_0                             0x000004a4   Number         4  main.o(.text)
    __arm_cp.3_2                             0x000004bc   Number         4  main.o(.text)
    __arm_cp.3_3                             0x000004c0   Number         4  main.o(.text)
    __arm_cp.3_4                             0x000004c4   Number         4  main.o(.text)
    __arm_cp.4_0                             0x00000584   Number         4  main.o(.text)
    __arm_cp.10_0                            0x00000920   Number         4  main.o(.text)
    __arm_cp.10_1                            0x00000924   Number         4  main.o(.text)
    __arm_cp.10_4                            0x00000944   Number         4  main.o(.text)
    __arm_cp.10_5                            0x00000948   Number         4  main.o(.text)
    __arm_cp.10_7                            0x00000964   Number         4  main.o(.text)
    __arm_cp.10_8                            0x00000968   Number         4  main.o(.text)
    .text                                    0x00000990   Section       52  cm0dsasm.o(.text)
    [Anonymous Symbol]                       0x000009c4   Section        0  edk_driver.o(.text)
    __arm_cp.0_0                             0x000009d0   Number         4  edk_driver.o(.text)
    __arm_cp.3_0                             0x00000a0c   Number         4  edk_driver.o(.text)
    __arm_cp.4_0                             0x00000a18   Number         4  edk_driver.o(.text)
    [Anonymous Symbol]                       0x00000a34   Section        0  edk_api.o(.text)
    __arm_cp.0_0                             0x00000a7c   Number         4  edk_api.o(.text)
    __arm_cp.0_1                             0x00000a80   Number         4  edk_api.o(.text)
    __arm_cp.2_0                             0x00000af4   Number         4  edk_api.o(.text)
    __arm_cp.2_1                             0x00000af8   Number         4  edk_api.o(.text)
    __arm_cp.2_2                             0x00000afc   Number         4  edk_api.o(.text)
    __arm_cp.2_3                             0x00000b00   Number         4  edk_api.o(.text)
    __arm_cp.7_0                             0x00000b6c   Number         4  edk_api.o(.text)
    [Anonymous Symbol]                       0x00000b70   Section        0  retarget.o(.text)
    __arm_cp.3_0                             0x00000b98   Number         4  retarget.o(.text)
    .text                                    0x00000bc0   Section        0  noretval__2printf.o(.text)
    .text                                    0x00000bdc   Section        0  __printf.o(.text)
    .text                                    0x00000c48   Section        0  _printf_str.o(.text)
    .text                                    0x00000c9c   Section        0  _printf_dec.o(.text)
    .text                                    0x00000d08   Section        0  putchar.o(.text)
    .text                                    0x00000d18   Section        0  puts.o(.text)
    .text                                    0x00000d44   Section        0  rt_memcpy.o(.text)
    .text                                    0x00000dc6   Section        0  heapauxi.o(.text)
    .text                                    0x00000dcc   Section        0  _printf_intcommon.o(.text)
    .text                                    0x00000e7c   Section        0  _printf_char.o(.text)
    .text                                    0x00000eac   Section        0  _printf_char_file.o(.text)
    .text                                    0x00000ed4   Section        0  rtudiv10.o(.text)
    _printf_input_char                       0x00000efd   Thumb Code    10  _printf_char_common.o(.text)
    .text                                    0x00000efc   Section        0  _printf_char_common.o(.text)
    .text                                    0x00000f2c   Section       62  sys_stackheap_outer.o(.text)
    .text                                    0x00000f6a   Section        0  exit.o(.text)
    .text                                    0x00000f7c   Section        8  libspace.o(.text)
    .text_divfast                            0x00000f84   Section      502  aeabi_sdivfast.o(.text_divfast)
    square_default                           0x0000117a   Data          10  main.o(.rodata.square_default)
    [Anonymous Symbol]                       0x0000117a   Section        0  main.o(.rodata.square_default)
    [Anonymous Symbol]                       0x00001184   Section        0  main.o(.rodata.str1.1)
    square                                   0x00001254   Data          10  main.o(.data.square)
    [Anonymous Symbol]                       0x00001254   Section        0  main.o(.data.square)
    .bss                                     0x00001260   Section       96  libspace.o(.bss)
    dig1                                     0x00001314   Data           1  edk_api.o(.bss.dig1)
    [Anonymous Symbol]                       0x00001314   Section        0  edk_api.o(.bss.dig1)
    dig2                                     0x00001315   Data           1  edk_api.o(.bss.dig2)
    [Anonymous Symbol]                       0x00001315   Section        0  edk_api.o(.bss.dig2)
    dig3                                     0x00001316   Data           1  edk_api.o(.bss.dig3)
    [Anonymous Symbol]                       0x00001316   Section        0  edk_api.o(.bss.dig3)
    dig4                                     0x00001317   Data           1  edk_api.o(.bss.dig4)
    [Anonymous Symbol]                       0x00001317   Section        0  edk_api.o(.bss.dig4)
    player_1_score                           0x00001318   Data           4  main.o(.bss.player_1_score)
    [Anonymous Symbol]                       0x00001318   Section        0  main.o(.bss.player_1_score)
    player_2_score                           0x0000131c   Data           4  main.o(.bss.player_2_score)
    [Anonymous Symbol]                       0x0000131c   Section        0  main.o(.bss.player_2_score)
    status                                   0x00001320   Data           1  main.o(.bss.status)
    [Anonymous Symbol]                       0x00001320   Section        0  main.o(.bss.status)
    Heap_Mem                                 0x00001330   Data        1024  cm0dsasm.o(HEAP)
    HEAP                                     0x00001330   Section     1024  cm0dsasm.o(HEAP)
    Stack_Mem                                0x00001730   Data        1024  cm0dsasm.o(STACK)
    STACK                                    0x00001730   Section     1024  cm0dsasm.o(STACK)

    Global Symbols

    Symbol Name                              Value     Ov Type        Size  Object(Section)

    BuildAttributes$$THM_ISAv3M$S$PE$A:L22$X:L11$S22$IEEE1$IW$~IW$USESV6$~STKCKD$USESV7$~SHL$OTIME$ROPI$EBA8$UX$STANDARDLIB$REQ8$PRES8$EABIv2 0x00000000   Number         0  anon$$obj.o ABSOLUTE
    __Vectors                                0x00000000   Data           4  cm0dsasm.o(RESET)
    __ARM_exceptions_init                     - Undefined Weak Reference
    __alloca_initialize                       - Undefined Weak Reference
    __arm_preinit_                            - Undefined Weak Reference
    __arm_relocate_pie_                       - Undefined Weak Reference
    __cpp_initialize__aeabi_                  - Undefined Weak Reference
    __cxa_finalize                            - Undefined Weak Reference
    __rt_locale                               - Undefined Weak Reference
    __sigvec_lookup                           - Undefined Weak Reference
    _atexit_init                              - Undefined Weak Reference
    _call_atexit_fns                          - Undefined Weak Reference
    _clock_init                               - Undefined Weak Reference
    _fp_trap_init                             - Undefined Weak Reference
    _fp_trap_shutdown                         - Undefined Weak Reference
    _get_lc_collate                           - Undefined Weak Reference
    _get_lc_ctype                             - Undefined Weak Reference
    _get_lc_monetary                          - Undefined Weak Reference
    _get_lc_numeric                           - Undefined Weak Reference
    _get_lc_time                              - Undefined Weak Reference
    _getenv_init                              - Undefined Weak Reference
    _handle_redirection                       - Undefined Weak Reference
    _init_alloc                               - Undefined Weak Reference
    _init_user_alloc                          - Undefined Weak Reference
    _initio                                   - Undefined Weak Reference
    _printf_mbtowc                            - Undefined Weak Reference
    _printf_post_padding                      - Undefined Weak Reference
    _printf_pre_padding                       - Undefined Weak Reference
    _printf_truncate_signed                   - Undefined Weak Reference
    _printf_truncate_unsigned                 - Undefined Weak Reference
    _rand_init                                - Undefined Weak Reference
    _signal_finish                            - Undefined Weak Reference
    _signal_init                              - Undefined Weak Reference
    _terminate_alloc                          - Undefined Weak Reference
    _terminate_user_alloc                     - Undefined Weak Reference
    _terminateio                              - Undefined Weak Reference
    __main                                   0x00000081   Thumb Code     8  __main.o(!!!main)
    __scatterload                            0x00000089   Thumb Code     0  __scatter.o(!!!scatter)
    __scatterload_rt2                        0x00000089   Thumb Code    52  __scatter.o(!!!scatter)
    __scatterload_rt2_thumb_only             0x00000089   Thumb Code     0  __scatter.o(!!!scatter)
    __scatterload_null                       0x00000099   Thumb Code     0  __scatter.o(!!!scatter)
    __scatterload_zeroinit                   0x000000c5   Thumb Code    28  __scatter_zi.o(!!handler_zi)
    _printf_percent                          0x000000e1   Thumb Code     0  _printf_percent.o(.ARM.Collect$$_printf_percent$$00000000)
    _printf_d                                0x000000e3   Thumb Code     0  _printf_d.o(.ARM.Collect$$_printf_percent$$00000009)
    _printf_c                                0x000000ed   Thumb Code     0  _printf_c.o(.ARM.Collect$$_printf_percent$$00000013)
    _printf_percent_end                      0x000000f7   Thumb Code     0  _printf_percent_end.o(.ARM.Collect$$_printf_percent$$00000017)
    __rt_lib_init                            0x000000fb   Thumb Code     0  libinit.o(.ARM.Collect$$libinit$$00000000)
    __rt_lib_init_alloca_1                   0x000000fd   Thumb Code     0  libinit2.o(.ARM.Collect$$libinit$$00000030)
    __rt_lib_init_argv_1                     0x000000fd   Thumb Code     0  libinit2.o(.ARM.Collect$$libinit$$0000002E)
    __rt_lib_init_atexit_1                   0x000000fd   Thumb Code     0  libinit2.o(.ARM.Collect$$libinit$$0000001D)
    __rt_lib_init_clock_1                    0x000000fd   Thumb Code     0  libinit2.o(.ARM.Collect$$libinit$$00000023)
    __rt_lib_init_cpp_1                      0x000000fd   Thumb Code     0  libinit2.o(.ARM.Collect$$libinit$$00000034)
    __rt_lib_init_exceptions_1               0x000000fd   Thumb Code     0  libinit2.o(.ARM.Collect$$libinit$$00000032)
    __rt_lib_init_fp_1                       0x000000fd   Thumb Code     0  libinit2.o(.ARM.Collect$$libinit$$00000002)
    __rt_lib_init_fp_trap_1                  0x000000fd   Thumb Code     0  libinit2.o(.ARM.Collect$$libinit$$00000021)
    __rt_lib_init_getenv_1                   0x000000fd   Thumb Code     0  libinit2.o(.ARM.Collect$$libinit$$00000025)
    __rt_lib_init_heap_1                     0x000000fd   Thumb Code     0  libinit2.o(.ARM.Collect$$libinit$$0000000C)
    __rt_lib_init_lc_collate_1               0x000000fd   Thumb Code     0  libinit2.o(.ARM.Collect$$libinit$$00000013)
    __rt_lib_init_lc_ctype_1                 0x000000fd   Thumb Code     0  libinit2.o(.ARM.Collect$$libinit$$00000015)
    __rt_lib_init_lc_monetary_1              0x000000fd   Thumb Code     0  libinit2.o(.ARM.Collect$$libinit$$00000017)
    __rt_lib_init_lc_numeric_1               0x000000fd   Thumb Code     0  libinit2.o(.ARM.Collect$$libinit$$00000019)
    __rt_lib_init_lc_time_1                  0x000000fd   Thumb Code     0  libinit2.o(.ARM.Collect$$libinit$$0000001B)
    __rt_lib_init_preinit_1                  0x000000fd   Thumb Code     0  libinit2.o(.ARM.Collect$$libinit$$00000006)
    __rt_lib_init_rand_1                     0x000000fd   Thumb Code     0  libinit2.o(.ARM.Collect$$libinit$$00000010)
    __rt_lib_init_relocate_pie_1             0x000000fd   Thumb Code     0  libinit2.o(.ARM.Collect$$libinit$$00000004)
    __rt_lib_init_return                     0x000000fd   Thumb Code     0  libinit2.o(.ARM.Collect$$libinit$$00000035)
    __rt_lib_init_signal_1                   0x000000fd   Thumb Code     0  libinit2.o(.ARM.Collect$$libinit$$0000001F)
    __rt_lib_init_stdio_1                    0x000000fd   Thumb Code     0  libinit2.o(.ARM.Collect$$libinit$$00000027)
    __rt_lib_init_user_alloc_1               0x000000fd   Thumb Code     0  libinit2.o(.ARM.Collect$$libinit$$0000000E)
    __rt_lib_shutdown                        0x000000ff   Thumb Code     0  libshutdown.o(.ARM.Collect$$libshutdown$$00000000)
    __rt_lib_shutdown_cpp_1                  0x00000101   Thumb Code     0  libshutdown2.o(.ARM.Collect$$libshutdown$$00000002)
    __rt_lib_shutdown_fp_trap_1              0x00000101   Thumb Code     0  libshutdown2.o(.ARM.Collect$$libshutdown$$00000007)
    __rt_lib_shutdown_heap_1                 0x00000101   Thumb Code     0  libshutdown2.o(.ARM.Collect$$libshutdown$$0000000F)
    __rt_lib_shutdown_return                 0x00000101   Thumb Code     0  libshutdown2.o(.ARM.Collect$$libshutdown$$00000010)
    __rt_lib_shutdown_signal_1               0x00000101   Thumb Code     0  libshutdown2.o(.ARM.Collect$$libshutdown$$0000000A)
    __rt_lib_shutdown_stdio_1                0x00000101   Thumb Code     0  libshutdown2.o(.ARM.Collect$$libshutdown$$00000004)
    __rt_lib_shutdown_user_alloc_1           0x00000101   Thumb Code     0  libshutdown2.o(.ARM.Collect$$libshutdown$$0000000C)
    __rt_entry                               0x00000103   Thumb Code     0  __rtentry.o(.ARM.Collect$$rtentry$$00000000)
    __rt_entry_presh_1                       0x00000103   Thumb Code     0  __rtentry2.o(.ARM.Collect$$rtentry$$00000002)
    __rt_entry_sh                            0x00000103   Thumb Code     0  __rtentry4.o(.ARM.Collect$$rtentry$$00000004)
    __rt_entry_li                            0x00000109   Thumb Code     0  __rtentry2.o(.ARM.Collect$$rtentry$$0000000A)
    __rt_entry_postsh_1                      0x00000109   Thumb Code     0  __rtentry2.o(.ARM.Collect$$rtentry$$00000009)
    __rt_entry_main                          0x0000010d   Thumb Code     0  __rtentry2.o(.ARM.Collect$$rtentry$$0000000D)
    __rt_entry_postli_1                      0x0000010d   Thumb Code     0  __rtentry2.o(.ARM.Collect$$rtentry$$0000000C)
    __rt_exit                                0x00000115   Thumb Code     0  rtexit.o(.ARM.Collect$$rtexit$$00000000)
    __rt_exit_ls                             0x00000117   Thumb Code     0  rtexit2.o(.ARM.Collect$$rtexit$$00000003)
    __rt_exit_prels_1                        0x00000117   Thumb Code     0  rtexit2.o(.ARM.Collect$$rtexit$$00000002)
    __rt_exit_exit                           0x0000011b   Thumb Code     0  rtexit2.o(.ARM.Collect$$rtexit$$00000004)
    __aeabi_memcpy4                          0x00000121   Thumb Code    56  rt_memcpy.o(.emb_text)
    __aeabi_memcpy8                          0x00000121   Thumb Code     0  rt_memcpy.o(.emb_text)
    Game_Init                                0x00000159   Thumb Code   112  main.o(.text)
    initialise_score                         0x00000275   Thumb Code    20  main.o(.text)
    GameOver                                 0x00000291   Thumb Code   136  main.o(.text)
    board                                    0x000003a1   Thumb Code   260  main.o(.text)
    checkwin                                 0x000004dd   Thumb Code   168  main.o(.text)
    draw                                     0x00000589   Thumb Code    36  main.o(.text)
    draw_X                                   0x000005b1   Thumb Code   100  main.o(.text)
    draw_O                                   0x00000629   Thumb Code    96  main.o(.text)
    call_draw_X                              0x00000699   Thumb Code   116  main.o(.text)
    call_draw_O                              0x0000070d   Thumb Code   200  main.o(.text)
    UART_ISR                                 0x000007d5   Thumb Code   332  main.o(.text)
    Timer_ISR                                0x0000097d   Thumb Code     8  main.o(.text)
    main                                     0x00000985   Thumb Code    12  main.o(.text)
    Reset_Handler                            0x00000991   Thumb Code     4  cm0dsasm.o(.text)
    Timer_Handler                            0x00000995   Thumb Code     8  cm0dsasm.o(.text)
    UART_Handler                             0x0000099d   Thumb Code     8  cm0dsasm.o(.text)
    __user_initial_stackheap                 0x000009a5   Thumb Code     0  cm0dsasm.o(.text)
    VGA_plot_pixel                           0x000009c5   Thumb Code    12  edk_driver.o(.text)
    seven_seg_write                          0x000009d5   Thumb Code    16  edk_driver.o(.text)
    timer_init                               0x000009e5   Thumb Code    26  edk_driver.o(.text)
    timer_enable                             0x00000a01   Thumb Code    12  edk_driver.o(.text)
    timer_irq_clear                          0x00000a11   Thumb Code     8  edk_driver.o(.text)
    GPIO_read                                0x00000a1d   Thumb Code    12  edk_driver.o(.text)
    GPIO_write                               0x00000a29   Thumb Code    12  edk_driver.o(.text)
    SoC_init                                 0x00000a35   Thumb Code    72  edk_api.o(.text)
    clear_screen                             0x00000a85   Thumb Code    32  edk_api.o(.text)
    Display_Int_Times                        0x00000aa5   Thumb Code    80  edk_api.o(.text)
    rectangle                                0x00000b05   Thumb Code    58  edk_api.o(.text)
    read_switch                              0x00000b3f   Thumb Code     8  edk_api.o(.text)
    write_LED                                0x00000b47   Thumb Code     8  edk_api.o(.text)
    delay                                    0x00000b4f   Thumb Code     2  edk_api.o(.text)
    random                                   0x00000b51   Thumb Code    28  edk_api.o(.text)
    VGAPutc                                  0x00000b71   Thumb Code     8  retarget.o(.text)
    UartPutc                                 0x00000b79   Thumb Code     8  retarget.o(.text)
    UartGetc                                 0x00000b81   Thumb Code    10  retarget.o(.text)
    KBHIT                                    0x00000b8d   Thumb Code    12  retarget.o(.text)
    fputc                                    0x00000b9d   Thumb Code    10  retarget.o(.text)
    fgetc                                    0x00000ba7   Thumb Code    10  retarget.o(.text)
    ferror                                   0x00000bb1   Thumb Code     4  retarget.o(.text)
    _ttywrch                                 0x00000bb5   Thumb Code    10  retarget.o(.text)
    _sys_exit                                0x00000bbf   Thumb Code     2  retarget.o(.text)
    __2printf                                0x00000bc1   Thumb Code    22  noretval__2printf.o(.text)
    __printf                                 0x00000bdd   Thumb Code   108  __printf.o(.text)
    _printf_str                              0x00000c49   Thumb Code    82  _printf_str.o(.text)
    _printf_int_dec                          0x00000c9d   Thumb Code    90  _printf_dec.o(.text)
    putchar                                  0x00000d09   Thumb Code    10  putchar.o(.text)
    puts                                     0x00000d19   Thumb Code    38  puts.o(.text)
    __aeabi_memcpy                           0x00000d45   Thumb Code   130  rt_memcpy.o(.text)
    __rt_memcpy                              0x00000d45   Thumb Code     0  rt_memcpy.o(.text)
    __use_two_region_memory                  0x00000dc7   Thumb Code     2  heapauxi.o(.text)
    __rt_heap_escrow$2region                 0x00000dc9   Thumb Code     2  heapauxi.o(.text)
    __rt_heap_expand$2region                 0x00000dcb   Thumb Code     2  heapauxi.o(.text)
    _printf_int_common                       0x00000dcd   Thumb Code   176  _printf_intcommon.o(.text)
    _printf_cs_common                        0x00000e7d   Thumb Code    22  _printf_char.o(.text)
    _printf_char                             0x00000e93   Thumb Code    16  _printf_char.o(.text)
    _printf_string                           0x00000ea3   Thumb Code     8  _printf_char.o(.text)
    _printf_char_file                        0x00000ead   Thumb Code    34  _printf_char_file.o(.text)
    __rt_udiv10                              0x00000ed5   Thumb Code    40  rtudiv10.o(.text)
    _printf_char_common                      0x00000f07   Thumb Code    32  _printf_char_common.o(.text)
    __user_setup_stackheap                   0x00000f2d   Thumb Code    62  sys_stackheap_outer.o(.text)
    exit                                     0x00000f6b   Thumb Code    16  exit.o(.text)
    __user_libspace                          0x00000f7d   Thumb Code     8  libspace.o(.text)
    __user_perproc_libspace                  0x00000f7d   Thumb Code     0  libspace.o(.text)
    __user_perthread_libspace                0x00000f7d   Thumb Code     0  libspace.o(.text)
    __aeabi_uidiv                            0x00000f85   Thumb Code    68  aeabi_sdivfast.o(.text_divfast)
    __aeabi_idiv                             0x00000fc9   Thumb Code   434  aeabi_sdivfast.o(.text_divfast)
    Region$$Table$$Base                      0x00001244   Number         0  anon$$obj.o(Region$$Table)
    Region$$Table$$Limit                     0x00001254   Number         0  anon$$obj.o(Region$$Table)
    __libspace_start                         0x00001260   Data          96  libspace.o(.bss)
    __stdout                                 0x000012c0   Data          84  retarget.o(.bss.__stdout)
    __temporary_stack_top$libspace           0x000012c0   Data           0  libspace.o(.bss)



==============================================================================

Memory Map of the image

  Image Entry point : 0x00000991

  Load Region LR_1 (Base: 0x00000000, Size: 0x00001260, Max: 0xffffffff, ABSOLUTE)

    Execution Region ER_RO (Exec base: 0x00000000, Load base: 0x00000000, Size: 0x00001254, Max: 0xffffffff, ABSOLUTE)

    Exec Addr    Load Addr    Size         Type   Attr      Idx    E Section Name        Object

    0x00000000   0x00000000   0x00000080   Data   RO           21    RESET               cm0dsasm.o
    0x00000080   0x00000080   0x00000008   Code   RO          111  * !!!main             c_p.l(__main.o)
    0x00000088   0x00000088   0x0000003c   Code   RO          293    !!!scatter          c_p.l(__scatter.o)
    0x000000c4   0x000000c4   0x0000001c   Code   RO          295    !!handler_zi        c_p.l(__scatter_zi.o)
    0x000000e0   0x000000e0   0x00000002   Code   RO           92    .ARM.Collect$$_printf_percent$$00000000  c_p.l(_printf_percent.o)
    0x000000e2   0x000000e2   0x0000000a   Code   RO           91    .ARM.Collect$$_printf_percent$$00000009  c_p.l(_printf_d.o)
    0x000000ec   0x000000ec   0x0000000a   Code   RO           90    .ARM.Collect$$_printf_percent$$00000013  c_p.l(_printf_c.o)
    0x000000f6   0x000000f6   0x00000004   Code   RO          124    .ARM.Collect$$_printf_percent$$00000017  c_p.l(_printf_percent_end.o)
    0x000000fa   0x000000fa   0x00000002   Code   RO          162    .ARM.Collect$$libinit$$00000000  c_p.l(libinit.o)
    0x000000fc   0x000000fc   0x00000000   Code   RO          176    .ARM.Collect$$libinit$$00000002  c_p.l(libinit2.o)
    0x000000fc   0x000000fc   0x00000000   Code   RO          178    .ARM.Collect$$libinit$$00000004  c_p.l(libinit2.o)
    0x000000fc   0x000000fc   0x00000000   Code   RO          180    .ARM.Collect$$libinit$$00000006  c_p.l(libinit2.o)
    0x000000fc   0x000000fc   0x00000000   Code   RO          183    .ARM.Collect$$libinit$$0000000C  c_p.l(libinit2.o)
    0x000000fc   0x000000fc   0x00000000   Code   RO          185    .ARM.Collect$$libinit$$0000000E  c_p.l(libinit2.o)
    0x000000fc   0x000000fc   0x00000000   Code   RO          187    .ARM.Collect$$libinit$$00000010  c_p.l(libinit2.o)
    0x000000fc   0x000000fc   0x00000000   Code   RO          190    .ARM.Collect$$libinit$$00000013  c_p.l(libinit2.o)
    0x000000fc   0x000000fc   0x00000000   Code   RO          192    .ARM.Collect$$libinit$$00000015  c_p.l(libinit2.o)
    0x000000fc   0x000000fc   0x00000000   Code   RO          194    .ARM.Collect$$libinit$$00000017  c_p.l(libinit2.o)
    0x000000fc   0x000000fc   0x00000000   Code   RO          196    .ARM.Collect$$libinit$$00000019  c_p.l(libinit2.o)
    0x000000fc   0x000000fc   0x00000000   Code   RO          198    .ARM.Collect$$libinit$$0000001B  c_p.l(libinit2.o)
    0x000000fc   0x000000fc   0x00000000   Code   RO          200    .ARM.Collect$$libinit$$0000001D  c_p.l(libinit2.o)
    0x000000fc   0x000000fc   0x00000000   Code   RO          202    .ARM.Collect$$libinit$$0000001F  c_p.l(libinit2.o)
    0x000000fc   0x000000fc   0x00000000   Code   RO          204    .ARM.Collect$$libinit$$00000021  c_p.l(libinit2.o)
    0x000000fc   0x000000fc   0x00000000   Code   RO          206    .ARM.Collect$$libinit$$00000023  c_p.l(libinit2.o)
    0x000000fc   0x000000fc   0x00000000   Code   RO          208    .ARM.Collect$$libinit$$00000025  c_p.l(libinit2.o)
    0x000000fc   0x000000fc   0x00000000   Code   RO          210    .ARM.Collect$$libinit$$00000027  c_p.l(libinit2.o)
    0x000000fc   0x000000fc   0x00000000   Code   RO          214    .ARM.Collect$$libinit$$0000002E  c_p.l(libinit2.o)
    0x000000fc   0x000000fc   0x00000000   Code   RO          216    .ARM.Collect$$libinit$$00000030  c_p.l(libinit2.o)
    0x000000fc   0x000000fc   0x00000000   Code   RO          218    .ARM.Collect$$libinit$$00000032  c_p.l(libinit2.o)
    0x000000fc   0x000000fc   0x00000000   Code   RO          220    .ARM.Collect$$libinit$$00000034  c_p.l(libinit2.o)
    0x000000fc   0x000000fc   0x00000002   Code   RO          221    .ARM.Collect$$libinit$$00000035  c_p.l(libinit2.o)
    0x000000fe   0x000000fe   0x00000002   Code   RO          245    .ARM.Collect$$libshutdown$$00000000  c_p.l(libshutdown.o)
    0x00000100   0x00000100   0x00000000   Code   RO          273    .ARM.Collect$$libshutdown$$00000002  c_p.l(libshutdown2.o)
    0x00000100   0x00000100   0x00000000   Code   RO          275    .ARM.Collect$$libshutdown$$00000004  c_p.l(libshutdown2.o)
    0x00000100   0x00000100   0x00000000   Code   RO          278    .ARM.Collect$$libshutdown$$00000007  c_p.l(libshutdown2.o)
    0x00000100   0x00000100   0x00000000   Code   RO          281    .ARM.Collect$$libshutdown$$0000000A  c_p.l(libshutdown2.o)
    0x00000100   0x00000100   0x00000000   Code   RO          283    .ARM.Collect$$libshutdown$$0000000C  c_p.l(libshutdown2.o)
    0x00000100   0x00000100   0x00000000   Code   RO          286    .ARM.Collect$$libshutdown$$0000000F  c_p.l(libshutdown2.o)
    0x00000100   0x00000100   0x00000002   Code   RO          287    .ARM.Collect$$libshutdown$$00000010  c_p.l(libshutdown2.o)
    0x00000102   0x00000102   0x00000000   Code   RO          113    .ARM.Collect$$rtentry$$00000000  c_p.l(__rtentry.o)
    0x00000102   0x00000102   0x00000000   Code   RO          128    .ARM.Collect$$rtentry$$00000002  c_p.l(__rtentry2.o)
    0x00000102   0x00000102   0x00000006   Code   RO          140    .ARM.Collect$$rtentry$$00000004  c_p.l(__rtentry4.o)
    0x00000108   0x00000108   0x00000000   Code   RO          130    .ARM.Collect$$rtentry$$00000009  c_p.l(__rtentry2.o)
    0x00000108   0x00000108   0x00000004   Code   RO          131    .ARM.Collect$$rtentry$$0000000A  c_p.l(__rtentry2.o)
    0x0000010c   0x0000010c   0x00000000   Code   RO          133    .ARM.Collect$$rtentry$$0000000C  c_p.l(__rtentry2.o)
    0x0000010c   0x0000010c   0x00000008   Code   RO          134    .ARM.Collect$$rtentry$$0000000D  c_p.l(__rtentry2.o)
    0x00000114   0x00000114   0x00000002   Code   RO          167    .ARM.Collect$$rtexit$$00000000  c_p.l(rtexit.o)
    0x00000116   0x00000116   0x00000000   Code   RO          223    .ARM.Collect$$rtexit$$00000002  c_p.l(rtexit2.o)
    0x00000116   0x00000116   0x00000004   Code   RO          224    .ARM.Collect$$rtexit$$00000003  c_p.l(rtexit2.o)
    0x0000011a   0x0000011a   0x00000006   Code   RO          225    .ARM.Collect$$rtexit$$00000004  c_p.l(rtexit2.o)
    0x00000120   0x00000120   0x00000038   Code   RO           97    .emb_text           c_p.l(rt_memcpy.o)
    0x00000158   0x00000158   0x00000838   Code   RO            1    .text               main.o
    0x00000990   0x00000990   0x00000034   Code   RO           22  * .text               cm0dsasm.o
    0x000009c4   0x000009c4   0x00000070   Code   RO           28    .text               edk_driver.o
    0x00000a34   0x00000a34   0x0000013c   Code   RO           36    .text               edk_api.o
    0x00000b70   0x00000b70   0x00000050   Code   RO           48    .text               retarget.o
    0x00000bc0   0x00000bc0   0x0000001c   Code   RO           62    .text               c_p.l(noretval__2printf.o)
    0x00000bdc   0x00000bdc   0x0000006c   Code   RO           64    .text               c_p.l(__printf.o)
    0x00000c48   0x00000c48   0x00000052   Code   RO           66    .text               c_p.l(_printf_str.o)
    0x00000c9a   0x00000c9a   0x00000002   PAD
    0x00000c9c   0x00000c9c   0x0000006c   Code   RO           68    .text               c_p.l(_printf_dec.o)
    0x00000d08   0x00000d08   0x00000010   Code   RO           93    .text               c_p.l(putchar.o)
    0x00000d18   0x00000d18   0x0000002c   Code   RO           95    .text               c_p.l(puts.o)
    0x00000d44   0x00000d44   0x00000082   Code   RO           98    .text               c_p.l(rt_memcpy.o)
    0x00000dc6   0x00000dc6   0x00000006   Code   RO          109    .text               c_p.l(heapauxi.o)
    0x00000dcc   0x00000dcc   0x000000b0   Code   RO          118    .text               c_p.l(_printf_intcommon.o)
    0x00000e7c   0x00000e7c   0x0000002e   Code   RO          120    .text               c_p.l(_printf_char.o)
    0x00000eaa   0x00000eaa   0x00000002   PAD
    0x00000eac   0x00000eac   0x00000028   Code   RO          122    .text               c_p.l(_printf_char_file.o)
    0x00000ed4   0x00000ed4   0x00000028   Code   RO          125    .text               c_p.l(rtudiv10.o)
    0x00000efc   0x00000efc   0x00000030   Code   RO          144    .text               c_p.l(_printf_char_common.o)
    0x00000f2c   0x00000f2c   0x0000003e   Code   RO          146    .text               c_p.l(sys_stackheap_outer.o)
    0x00000f6a   0x00000f6a   0x00000010   Code   RO          151    .text               c_p.l(exit.o)
    0x00000f7a   0x00000f7a   0x00000002   PAD
    0x00000f7c   0x00000f7c   0x00000008   Code   RO          163    .text               c_p.l(libspace.o)
    0x00000f84   0x00000f84   0x000001f6   Code   RO          102    .text_divfast       c_p.l(aeabi_sdivfast.o)
    0x0000117a   0x0000117a   0x0000000a   Data   RO            5    .rodata.square_default  main.o
    0x00001184   0x00001184   0x000000bd   Data   RO            3    .rodata.str1.1      main.o
    0x00001241   0x00001241   0x00000003   PAD
    0x00001244   0x00001244   0x00000010   Data   RO          292    Region$$Table       anon$$obj.o


    Execution Region ER_RW (Exec base: 0x00001254, Load base: 0x00001254, Size: 0x0000000c, Max: 0xffffffff, ABSOLUTE)

    Exec Addr    Load Addr    Size         Type   Attr      Idx    E Section Name        Object

    0x00001254   0x00001254   0x0000000a   Data   RW            6    .data.square        main.o


    Execution Region ER_ZI (Exec base: 0x00001260, Load base: 0x00001260, Size: 0x000008d0, Max: 0xffffffff, ABSOLUTE)

    Exec Addr    Load Addr    Size         Type   Attr      Idx    E Section Name        Object

    0x00001260        -       0x00000060   Zero   RW          164    .bss                c_p.l(libspace.o)
    0x000012c0        -       0x00000054   Zero   RW           50    .bss.__stdout       retarget.o
    0x00001314        -       0x00000001   Zero   RW           41    .bss.dig1           edk_api.o
    0x00001315        -       0x00000001   Zero   RW           40    .bss.dig2           edk_api.o
    0x00001316        -       0x00000001   Zero   RW           39    .bss.dig3           edk_api.o
    0x00001317        -       0x00000001   Zero   RW           38    .bss.dig4           edk_api.o
    0x00001318        -       0x00000004   Zero   RW            7    .bss.player_1_score  main.o
    0x0000131c        -       0x00000004   Zero   RW            8    .bss.player_2_score  main.o
    0x00001320        -       0x00000001   Zero   RW            4    .bss.status         main.o
    0x00001321   0x00001260   0x0000000f   PAD
    0x00001330        -       0x00000400   Zero   RW           20    HEAP                cm0dsasm.o
    0x00001730        -       0x00000400   Zero   RW           19    STACK               cm0dsasm.o


==============================================================================

Image component sizes


      Code (inc. data)   RO Data    RW Data    ZI Data      Debug   Object Name

        52         22        128          0       2048        508   cm0dsasm.o
       316         28          0          0          4       3454   edk_api.o
       112         12          0          0          0       1937   edk_driver.o
      2104        528        199         10          9       8415   main.o
        80          4          0          0         84       2214   retarget.o

    ----------------------------------------------------------------------
      2664        594        346         12       2160      16528   Object Totals
         0          0         16          0          0          0   (incl. Generated)
         0          0          3          2         15          0   (incl. Padding)

    ----------------------------------------------------------------------

      Code (inc. data)   RO Data    RW Data    ZI Data      Debug   Library Member Name

         8          0          0          0          0         68   __main.o
       108          0          0          0          0         76   __printf.o
         0          0          0          0          0          0   __rtentry.o
        12          0          0          0          0          0   __rtentry2.o
         6          0          0          0          0          0   __rtentry4.o
        60          8          0          0          0          0   __scatter.o
        28          0          0          0          0          0   __scatter_zi.o
        10          0          0          0          0          0   _printf_c.o
        46          0          0          0          0        100   _printf_char.o
        48          6          0          0          0         88   _printf_char_common.o
        40          6          0          0          0         72   _printf_char_file.o
        10          0          0          0          0          0   _printf_d.o
       108         18          0          0          0         76   _printf_dec.o
       176          0          0          0          0         84   _printf_intcommon.o
         2          0          0          0          0          0   _printf_percent.o
         4          0          0          0          0          0   _printf_percent_end.o
        82          0          0          0          0         72   _printf_str.o
       502          0          0          0          0         92   aeabi_sdivfast.o
        16          0          0          0          0         68   exit.o
         6          0          0          0          0        136   heapauxi.o
         2          0          0          0          0          0   libinit.o
         2          0          0          0          0          0   libinit2.o
         2          0          0          0          0          0   libshutdown.o
         2          0          0          0          0          0   libshutdown2.o
         8          4          0          0         96         68   libspace.o
        28          6          0          0          0         84   noretval__2printf.o
        16          6          0          0          0         68   putchar.o
        44          6          0          0          0         68   puts.o
       186          0          0          0          0        144   rt_memcpy.o
         2          0          0          0          0          0   rtexit.o
        10          0          0          0          0          0   rtexit2.o
        40          0          0          0          0         60   rtudiv10.o
        62          0          0          0          0         80   sys_stackheap_outer.o

    ----------------------------------------------------------------------
      1682         60          0          0         96       1504   Library Totals
         6          0          0          0          0          0   (incl. Padding)

    ----------------------------------------------------------------------

      Code (inc. data)   RO Data    RW Data    ZI Data      Debug   Library Name

      1676         60          0          0         96       1504   c_p.l

    ----------------------------------------------------------------------
      1682         60          0          0         96       1504   Library Totals

    ----------------------------------------------------------------------

==============================================================================


      Code (inc. data)   RO Data    RW Data    ZI Data      Debug   

      4346        654        346         12       2256      17276   Grand Totals
      4346        654        346         12       2256      17276   ELF Image Totals
      4346        654        346         12          0          0   ROM Totals

==============================================================================

    Total RO  Size (Code + RO Data)                 4692 (   4.58kB)
    Total RW  Size (RW Data + ZI Data)              2268 (   2.21kB)
    Total ROM Size (Code + RO Data + RW Data)       4704 (   4.59kB)

==============================================================================

